sat
Error: invalid input
sat
unsat
Error: invalid character/symbol
unsat
unsat
unsat
unsat
sat
unsat
sat
sat
unsat
unsat
sat
unsat
Error: an invalid character/symbol was found in the input
Error: invalid input
Error: missing a closing ')'
Error: invalid input
Error: invalid input
Error: invalid input
sat
unsat
unsat
sat
sat
sat
sat
sat
sat
sat
unsat
